2026-09-05 15:14:13 | BATCH_START | remaining=48/48 | seed- | gpu- | wall=0s
2026-09-05 15:22:12 | DONE | t1_b1_500 | seed0 | gpu0 | wall=115s
2026-09-05 15:24:11 | DONE | t1_b1_500 | seed1 | gpu0 | wall=112s
2026-09-05 15:25:06 | DONE | t1_b1_500 | seed2 | gpu1 | wall=105s
2026-09-05 15:34:30 | DONE | t1_b1_3300 | seed0 | gpu0 | wall=617s
2026-09-05 15:35:34 | DONE | t1_b1_3300 | seed1 | gpu1 | wall=619s
2026-09-05 15:37:31 | DONE | t1_b1itp_500 | seed0 | gpu1 | wall=111s
2026-09-05 15:39:36 | DONE | t1_b1itp_500 | seed1 | gpu1 | wall=114s
2026-09-05 15:41:34 | DONE | t1_b1itp_500 | seed2 | gpu1 | wall=110s
2026-09-05 15:44:51 | DONE | t1_b1_3300 | seed2 | gpu0 | wall=613s
2026-09-05 15:52:19 | DONE | t1_b1itp_3300 | seed0 | gpu1 | wall=633s
2026-09-05 15:55:24 | DONE | t1_b1itp_3300 | seed1 | gpu0 | wall=626s
2026-09-05 15:57:25 | DONE | t1_b2_500 | seed0 | gpu0 | wall=113s
2026-09-05 15:59:27 | DONE | t1_b2_500 | seed1 | gpu0 | wall=113s
2026-09-05 16:01:29 | DONE | t1_b2_500 | seed2 | gpu0 | wall=113s
2026-09-05 16:03:08 | DONE | t1_b1itp_3300 | seed2 | gpu1 | wall=638s
2026-09-05 16:12:07 | DONE | t1_b2_3300 | seed0 | gpu0 | wall=629s
2026-09-05 16:13:54 | DONE | t1_b2_3300 | seed1 | gpu1 | wall=634s
2026-09-05 16:15:55 | DONE | t1_b2bcm_500 | seed0 | gpu1 | wall=111s
2026-09-05 16:17:58 | DONE | t1_b2bcm_500 | seed1 | gpu1 | wall=112s
2026-09-05 16:20:00 | DONE | t1_b2bcm_500 | seed2 | gpu1 | wall=112s
2026-09-05 16:22:42 | DONE | t1_b2_3300 | seed2 | gpu0 | wall=630s
2026-09-05 16:30:44 | DONE | t1_b2bcm_3300 | seed0 | gpu1 | wall=634s
2026-09-05 16:33:18 | DONE | t1_b2bcm_3300 | seed1 | gpu0 | wall=626s
2026-09-05 16:35:18 | DONE | t1_b5_500 | seed0 | gpu0 | wall=111s
2026-09-05 16:37:18 | DONE | t1_b5_500 | seed1 | gpu0 | wall=109s
2026-09-05 16:39:11 | DONE | t1_b5_500 | seed2 | gpu0 | wall=110s
2026-09-05 16:41:30 | DONE | t1_b2bcm_3300 | seed2 | gpu1 | wall=635s
2026-09-05 16:49:56 | DONE | t1_b5_3300 | seed0 | gpu0 | wall=633s
2026-09-05 16:52:40 | DONE | t1_b5_3300 | seed1 | gpu1 | wall=665s
2026-09-05 16:55:06 | DONE | t1_b6a_500 | seed0 | gpu1 | wall=137s
2026-09-05 16:57:28 | DONE | t1_b6a_500 | seed1 | gpu1 | wall=137s
2026-09-05 16:59:50 | DONE | t1_b6a_500 | seed2 | gpu1 | wall=137s
2026-09-05 17:02:28 | DONE | t1_b5_3300 | seed2 | gpu0 | wall=741s
2026-09-05 17:12:41 | DONE | t1_b6a_3300 | seed0 | gpu1 | wall=766s
2026-09-05 17:15:09 | DONE | t1_b6a_3300 | seed1 | gpu0 | wall=752s
2026-09-05 17:17:23 | DONE | t1_freesign_500 | seed0 | gpu0 | wall=132s
2026-09-05 17:19:42 | DONE | t1_freesign_500 | seed1 | gpu0 | wall=129s
2026-09-05 17:21:48 | DONE | t1_freesign_500 | seed2 | gpu0 | wall=123s
2026-09-05 17:24:53 | DONE | t1_b6a_3300 | seed2 | gpu1 | wall=724s
2026-09-05 17:34:27 | DONE | t1_freesign_3300 | seed0 | gpu0 | wall=750s
2026-09-05 17:37:26 | DONE | t1_freesign_3300 | seed1 | gpu1 | wall=747s
2026-09-05 17:46:50 | DONE | t1_freesign_3300 | seed2 | gpu0 | wall=738s
2026-09-05 17:46:52 | BATCH_END | done_cells=42 fail_cells=0
0 | seed- | gpu- | wall=0s
